// Jest Snapshot v1, https://goo.gl/fbAQLP

exports[`<UnstyledButton /> it works 1`] = `
<styled.button
  onClick={[Function]}
>
  Button
</styled.button>
`;
