// Jest Snapshot v1, https://goo.gl/fbAQLP

exports[`<Input /> it works 1`] = `
<StyledComponent
  forwardedComponent={
    Object {
      "$$typeof": Symbol(react.forward_ref),
      "attrs": Array [],
      "componentStyle": ComponentStyle {
        "componentId": "sc-bdVaJa",
        "isStatic": true,
        "rules": Array [
          "
  width: 100%;
  margin: 24px 0;
  padding: 12px 16px;
  border-radius: 4px;
  border: none;
  line-height: 1.5;
  font-size: 16px;
  background-color: var(--brand-light);
  color: #000;

  ::placeholder {
    color: #000;
  }
",
        ],
      },
      "displayName": "styled.input",
      "foldedComponentIds": Array [],
      "render": [Function],
      "styledComponentId": "sc-bdVaJa",
      "target": "input",
      "toString": [Function],
      "warnTooManyClasses": [Function],
      "withComponent": [Function],
    }
  }
  forwardedRef={null}
/>
`;
